what s that song you re listening to you don t know it s yesterday by the beatles you { must ve heard } it before
bill had to leave his family { behind } when he went abroad to work
may i speak to mr hall please i m sorry he s not here at the moment can i take a { message }
these two plants are different in almost every way the only feature they have { in common } is their need for dry soil
paul left his book at home again he s so { forgetful }
sarah is always able to answer the teacher s questions she is such a { smart } girl
haven t you finished that report yet { give } me a few more minutes and i ll get it done
our trip to tokyo was fun wasn t it yes it was great i m really looking forward { to going } there again sometime
is that italian restaurant next to the bookstore new no i think { it s been open } for more than a year now
may i use your phone sure { go ahead } i m not expecting any calls right now
it s a { shame } your wife couldn t come i really wanted to meet her
if it { stops } raining soon shall we go out for a walk
at first no one in class could find an answer but finally david came up { with } one
jim had a skiing accident yesterday but he s all right he s lucky because he { could have } hurt himself badly
something s wrong with the car we must have a { flat } tire
you are coming with us to the beach on sunday aren t you i m really sorry but i won t be able to { make } it after all
a { fare } is the money that you pay for a journey made for example by bus train or taxi
do you need that report right away no there s no hurry take your { time }
we { had been } playing baseball for about half an hour when it started to rain very heavily
mom can i use the car tonight no that s { out of the question } remember what happened last time
we had terrible weather during our vacation { did you } what a shame
i want to make a phone call but only have a five dollar bill i need some { change }
tetsuya didn t hear the doorbell when his visitors arrived because he { was taking } a shower
what do you think of mr owen s proposal for cutting costs in the factory i like his idea but i don t think it will { work } very well
john s mother wanted to go shopping so she asked him { to look after } his little brother while she was out
our pe teacher a { former } professional basketball player is coaching the school team
is satoko still writing her research paper well i think she s { more or less } finished it
frank drives much too fast someday he ll have a terrible accident oh { i hope not }
if you { haven t received } the book you ordered by tomorrow please let us know
fortunately bus services are now back to { normal } after yesterday s strike
social science { the subject i studied } in one nine nine eight is no longer taught at this college
the coffee shop opens at seven three zero and serves breakfast { till } one zero o clock
when we arrived at the birthday party { there was } nothing left to eat or drink
i m going to use e mail to keep in { touch } with my friends in new zealand
dr miller was unable to give his speech { due to } the late arrival of his plane
{ physics } is the scientific study of forces such as heat light and sound and the way they affect objects
i still can t believe that the young man i { saw } at the restaurant was frankie he s grown so much
let s go ahead and do it nothing { will be gained } by just waiting
my grandmother always said you should sweat to reduce the { fever } when you have the flu
getting used to a foreign culture is a { process } that takes some time
when i told misako the news she seemed { surprised }
does this answer { make } sense to you i can t understand it
taro is now devoting all his time and energy { to studying } english
every winter colds are { common } at schools
akiko had her bag { stolen } and lost all her money
by the time the two zero zero two world cup was held soccer { had } already become a leading sport in japan
the laundry won t dry quickly { unless } it s sunny
would you mind { keeping } an eye on my luggage while i make a phone call
the beach was beautiful i wish i { could have stayed } longer
i think i did well on the english listening test i understood { almost everything } on the tape
as soon as the star player came in the game { became exciting }
thank you hiromi this book is exactly { what } i wanted
we have to find { solutions } to the world s environmental problems
the mechanics said that it would cost { me } seven zero zero dollars to fix my car
i can t { work out } this math problem in my head i need a calculator
the game on the main court was { interrupted } by a brief shower
the government s decision was to { raise } taxes
english tea drunk all over the world { is } made from the same plant as japanese tea
my work clothes need { washing } but i don t have time to do the laundry now
mary has { put } off going to mexico until next monday
david was badly injured in the accident if only he had left home five minutes earlier he { would not have been } involved in it
you must leave now { otherwise } you will be late for your social studies class
mr suzuki gave up smoking for { the sake } of his health
solving the problem was more difficult than { we had thought }
if the pain in your throat becomes worse have it { checked } at once
how did it { come } about that summer in tokyo is hotter than it used to be
could you call me back if { it is } not convenient for you to talk now
i { would rather } go to the seaside this summer i ve had enough of the mountains
a good teacher allows students { to discover } some things for themselves
we had a lot of trouble with our house { in the end } we decided to move out
this morning the weather was fine so i walked as { far } as the park
after you pay a bill you are given a { receipt } to show that you have paid
brett has many spare time { activities } he swims paints plays the violin and so on
small children have teeth which usually fall out between the ages of five and twelve after which they get their { permanent } teeth
if you have an unreasonable dislike of someone you are { prejudiced against } that person
my sister is in the front row in the picture she is the one { with nothing } in her hands
after the car hit the boy he { remained } unconscious for two days
it { was shocking } for mary to learn that her bike had been stolen
my sister insisted { on my solving } the problem by myself
you should write down satsuki s number { in case } you forget it
my friend is going to fly back to california { by way of } hawaii
please have { a closer look } at this document before you begin your work
the soccer game was shown on a big screen in front of { a large } audience
i am afraid i am not prepared to { take } the risk of losing all my money
the catalog { says } that this year s model is slightly cheaper than last year s
for their safety and the safety of others drivers must { observe } the traffic rules
i think he is a very intelligent person { but } many people don t agree with me
{ without } his advice we would never have finished the work on time
the price on the tag { includes } the five consumption tax
michael works very hard that s { why } i respect him
if you like this apple pie so much { why don t you } make one yourself i ll give you the recipe
it has been hard to concentrate on my studies lately because a road { is being built } in front of my house
did you know that albert einstein the famous physicist { stopped eating } meat yes if my memory serves he became a strict vegetarian one year before he died
i d better call our neighbor to ask her to check the door of our apartment you don t have to do that i remember { locking } it when we left
hi it s me i m sorry i m late i m running { in } the direction of the ticket gate i ll be with you in a minute
i don t think we can come up with a solution to the problem however long we spend { discussing } it
you ve got { some egg } on your tie did you have fried eggs for breakfast
how about going to that conveyor belt sushi bar again i m afraid we can t it closed { down } last month
i arrived here early today because the traffic was { lighter } than usual
i ve heard that in the u s smoking is { banned } in public places such as restaurants or cafes is that true
you can choose either the train or the bus if you want to save some time the train would be better the { fare } is a little bit higher though
you never seem to gain weight how do you stay so slim just lucky i guess it { runs } in the family
have you handed in the english assignment no but i m halfway { through } it
i have to get my commuter pass renewed because it { expires } tomorrow
is it possible for you to postpone today s meeting { until } next wednesday
i was talked { out of } buying a big car by my sister
if i hadn t broken up with hannah last month i { would have been } going out with her for two years
the puppy at the rescue center looked happy to have been { chosen } by the little girl
why did jack quit his job he wanted to { realize } his dream of opening his own cafe
in my school when a { regular } teacher is absent another teacher teaches the class instead
going through all the steps to adjust the brightness of my computer screen is a real nuisance well why don t you do it the easy way just press this key that s the { shortcut }
dad if my grades improve by the end of the term would you mind { raising } my allowance
i ve been { putting } on weight recently you should exercise more and eat better
kenji told me his trip to london was wonderful i wish i { had participated } in that program
the houses look like rows of tiny cardboard boxes when you look out of the window of a plane in { flight }
the fans waited outside the door in the hope { of } catching sight of the movie star
at our local health clinic the doctor will only see you by { appointment }
some people find { it } difficult to economize on mobile phone costs even when times are hard
i ve finished writing my application who am i { supposed } to give it to
all the children in the family will { gather } for the new year s holidays
my brother loves baseball he s an enthusiastic { if } not a gifted player
some companies have { adopted } a new policy of using english as the official in house language
could you show me how to make my mobile phone ring differently { depending on } who s calling me
ms bell is stuck in a traffic jam the important meeting will have finished by the time she { arrives }
we had the microwave the toaster and the heater all { on } at the same time and the circuit breaker switched off
mr brown looked over the cliff and found he was standing at the edge of a { vertical } drop
you can apply for this overseas program on the { condition } that you have a letter of recommendation from your teacher
i heard daiki s sisters are twins have you met them no i haven t met { either } of them yet
you should not let your personal emotions { stand } in the way of making that important decision
which girl is shiori the one { i } had a chat with a moment ago
after he joined the travel agency he worked hard to improve his english in order to carry { out } his duties more effectively
i understand { most } of our students are working part time in the evening to pay their school expenses
of the seven people here now one is from china three are from the us and { the others } from france
my brother { must } have been very popular when he was a high school student he still gets lots of new year s cards from his former classmates
eric s friends minoru and sachiko will be here at seven this evening he { will have finished } doing his homework by then
our family doctor suggested that our son { get } a complete medical checkup every year
japan { consists } of four large islands and many small islands
did you have a chance to meet your grandfather { during } the winter vacation
i don t enjoy going to tokyo it s hard for me to put { up with } all the crowds
when my younger brother and i were children my mother often asked me to keep { an eye on } him so he wouldn t get lost
i was offered a good position with a generous salary but i decided to turn it { down } because i wanted to stay near my family
when i looked out of the window last night i saw a cat { sneaking } into my neighbor s yard
ever since they first met at the sports festival pat and pam { have been emailing } each other
my mother asked me { whether } we should go out for lunch or eat at home
my wife wanted to have our son { cook } dinner for us but i ordered a pizza instead
i took it for { granted } that we were free to use the school gym on saturdays
could you { tell } me who is planning dan s birthday party
we were shocked when the cashier added { up } the bill and the total was two zero zero zero zero yen
did you make your grandfather angry again you should { know better than } that
scott went to the police station because he { had his computer stolen }
last winter was rather unusual { in } that very little snow fell in northern japan
i was fast asleep so i didn t hear the car accident that { happened } at two a m this morning
i always walk my dog along the beach { enjoying } the sea view
mt fuji stands impressively { against } the blue sky
the train { had already arrived } when i reached the platform so i didn t have to wait in the cold
{ although } tokyo has a relatively small land area it has a huge population
children { brought up } by bilingual parents may naturally learn two languages
my sister was not a serious high school student and { neither was i }
before the movie begins please { make sure } your mobile phone is switched off
we have made good progress so we are already { ahead of } schedule
thanks to their { friendly } comments after my presentation i felt very relieved
what would you like to do today i feel like { going } for a drive
walter found it difficult to tell the truth so he had to { invent } a story
susie and her sister are so { alike } that they could almost be twins
when you { whisper } you speak very quietly so that only a person close by can hear
hurry up or we ll be late don t worry i ll be ready { in } two minutes
i ve been living { on my own } since i entered university and i ve had to learn to cook
although my trip to hokkaido was very { tiring } i enjoyed it
it s our wedding anniversary next tuesday and by then we { will have been } married for ten years
what did you think of last night s game the team played well but they { could ve done } better in the first twenty minutes
the idea that knowledge is only something to be learned at school is nonsense don t you think yes especially in a world as complicated and rapidly changing as { ours }
i m not used to this computer do you { happen } to know a person who could tell me how to use it oh mr suzuki uses this machine all the time
i wonder if stella has lost my number { i ve been expecting } her call for the last two hours
this phone book isn t { up to date } don t you have a more recent one
mrs jones i m sorry i had to miss your piano lesson last week it s a pity you { couldn t } come but i know how busy you ve been recently
in japanese cities there are many streets without names it is very { confusing } if you are a tourist
if i buy a second hand computer it will { save } me hundreds of dollars
i don t feel well at all i ve got an awful headache why don t you take a { day } off today i ll call your office and tell them you re not coming in
i heard you { still } haven t finished your report the teacher is going to be very angry
{ realizing } that he had a talent for languages he decided to train as an interpreter
i find it difficult to get up early in the morning so i have to { do without } breakfast
can t you get the video to work i bet you didn t read the instructions you re wrong i { did } read them i just don t understand what the problem is
robin suddenly began to feel nervous { during } the interview
jane works part time as a pianist at a restaurant and she { earns } five zero zero dollars a week
the weather isn t very good now but { it s expected } to be better tomorrow
last night cindy told me about her new job in tokyo { which } she appears to be enjoying very much why is this letter still here
oh no { i should ve } posted it yesterday afternoon but i completely forgot
someone being served in a shop is called { a customer }
not { knowing } which course to take i decided to ask for advice
andy is working late tonight because he is { anxious } to finish the report before his boss comes back tomorrow morning
have you seen yuko recently no but { i m having } dinner with her on sunday
{ would it be } all right if i came again some other time of course just give me a call before you come
i ll return tomoko s book to her the next time i { see } her
since these glasses can break easily you must handle them with { care }
i remember that whenever my parents went out in the evening i { would get } the job of looking after my younger sister
some people are unable to take advantage of opportunities { for fear of } making mistakes
to { appreciate } something means to know its value or good qualities
{ unlike } his brothers who both play the piano rick has no musical talent at all
saki why don t you take some time off you { have been working } too hard lately
learning new english vocabulary { involves } more than just learning the meanings of words
most young people would rather spend money than { put } it in the bank
my mother is making a fast { recovery } after the operation on her knee last week
jiro has invited us to his birthday party what should we get him { as } a gift
the carpenters haven t { quite } finished the job yet
if it were not for the rain we { would go } hiking today
she sat all afternoon { watching } tv
my grandmother s house is a nice place but there { is too much } furniture in it
miho and her twin sister took the same university entrance exam miho passed the exam and { so did her sister }
if you re interested in global warming this article is worth { reading }
printed books will { continue } to be used despite computer technology
when she called his house this morning { nobody was } at home
you ll { get into } trouble if you don t start studying
i hope { you will have } a pleasant weekend
have you decided where we will { hold } the birthday party for mitsuo
{ each } of the three girls participated in the international exchange program
can you { tell } the difference between beans and peas
i m not going to sleep tonight { until } i finish my homework
the thief was caught { stealing } a television from the hotel
it can be dangerous to { expose } your skin to strong sunshine
i am { delighted } to hear the news of his safe arrival
my father is at { present } in new york
what everyone hates most about driving in big cities is the time { it takes } to find a parking space
how long have you and keiko known { each other }
grandfather explained { how to make } a kite
they used to be good friends but they aren t { anymore }
what do you say { to playing } cards instead of tennis during lunch hour
don t listen to joe { however } much he complains
where s takashi he said he { would be } here at exactly six three zero p m
i am sure that joe is { innocent } of the crime
we ve been sitting so long we need to { stretch }
would you blame { yourself } if you were in my situation
her summer dresses had been ironed and were { hanging } in the closet
from a commercial point of { view } this film is a failure
in addition to love children depend on their parents { for } food clothing and shelter
the flowers on the table were so beautiful when i touched them however i found they were { artificial }
hiroshi didn t describe what happened in { detail } he only told me the most important facts
let s { not go } anywhere tonight there s a good movie on television
you should { have listened } to me when i warned you
things long { enjoyed } cannot be forgotten
do you mind { my making a phone call } here
he had to make his article a little shorter { due to lack of } space in the newsletter
in japan { most } people go on to senior high school after finishing junior high school
susie has got some yellow socks but i ve got { blue ones }
in order to { reach } the village hikers need to be prepared for a narrow and rocky path
if you want to stay healthy you have to take good { care } of yourself
don t put too much emphasis on times and schedules people depending on their culture may { regard } being on time differently
my grandfather loves listening to pop music he is quite young at { heart }
everyone was disappointed to hear that she had { turned down } the generous offer
ken and mike are good friends they { have known } each other since childhood
our school ground is twice { as large as } this soccer field
{ compared with } that company our company gives longer paid holidays
you can always { count on } matthew to make good coffee he used to run a coffee shop
when you enter a japanese house you are { supposed to take } off your shoes
how { soon } is the last show scheduled to start in about one five minutes
have you heard about mr miller he s getting married really that s { surprising } i didn t know that he was still single
this is the most delicious apple pie { i ve } ever tasted in my life can i have the recipe
have you finished the preparation for your social studies debate yes i talked about it with our group members { over } lunch
where is the report i asked for that should { have been taken } care of by jack last week
if you re looking for a place to eat downtown you may want to { borrow } this restaurant guide
you wouldn t { happen } to know the location of green mart would you
there are two people who i think are cut out for the job as you know one of them is barbara can you guess { the other }
after the typhoon we found a shed { lying } on its side in the middle of the street
we re going for a walk in the fresh snow would you like to join us thanks but no thanks i can t { stand } being cold
what are your plans for the summer i think i ll go to okinawa this year { rather than } hokkaido
the moment i hung { up } the telephone i realized that i had forgotten to say something
{ almost all of } our company employees have started to use public transportation because of the increasing price of gasoline
we ll be having a party for maria next friday can you { make } it i wish i could but i already have plans
the seawater had begun to { eat away } the unpainted parts of the steel ship
look a lot of people { are standing } over there do you know why i think there is a sale beginning today
if there is anything { i can do } for you please let me know
i haven t seen rob for a long time has he moved to another branch oh you didn t know he s no longer { with } our company
{ having read } several magazine articles on the theme i was able to understand the presentation perfectly
you have been late for training all this season and now i hear you have been fighting with some of your teammates { frankly } i think it s time you left the team
for { further } information call us at the number below
our school used to { be located } at the foot of that mountain
why don t you visit the statue of liberty during your { stay } in new york
all things { considered } the chorus club decided to postpone its winter concert
making energy saving changes in the home can be expensive but it will save you money in the long { run }
in our family we have decided to take { turns } doing the dishes
curry in southern india tends to be very hot and spicy { while } curry in northern india tends to be milder
some of my friends are so { naive } they believe everything they read in the newspapers
if you want to study abroad you may be able to apply { for } a scholarship
did you manage to get their concert tickets yes i ve seen them { play } live before and it should be great
young people have to learn to { adapt } to a competitive social environment
mike s profession is like a doctor s he has to be { on } call night and day
there was so much noise in the classroom that hisako could not make herself { heard }
susan used all her savings to pay for a demo tape copies of { which } she later sent to several music companies
spending too much time surfing the internet can { deprive } many students of sleep
if it had not been for her father s advice maiko { would be } in trouble now
true { to } his word the japanese baseball player has had many base hits this year
the student is having second { thoughts } about studying abroad next year
according to the newspaper even a teenager is { capable } of sailing a yacht around the world alone
chemistry is the scientific study of the structure of { substances } and how they react when combined or in contact with one another
if your muscles feel stiff and you want your body to be more flexible i recommend { doing } yoga exercises
i really hate to see food { wasted } so i always try to eat everything on my plate
i recently bought a coffee maker with a timer it s very convenient do you have { one } at home
any of these books will help you find the information you need you are welcome to take { whichever } book seems most interesting to you
our teacher is requiring us to write another report and now i have two to finish by friday i { should } have finished the first assignment last week
i { informed } the employees of our president s arrival
my daughter has been working as a nurse { since } she graduated from college
i hesitate to take long trips because i have to leave my cats { behind } and i worry about them
in recent years weather forecasters have become more accurate when they { predict } the weather
brushing vegetables with olive oil and roasting them in the oven is a good way to bring { out } their delicious natural flavors
robert can t leave the meeting now because an important plan { is being } discussed
bill please keep the window { closed } while the air conditioner is on
last week i bought an imported car { which } was something i had always wanted to do
would you mind doing the laundry while i { take care of } the baby
our teacher s voice doesn t { reach } the back of the classroom
on the train a man { moved } over so that other passengers could go out of the door
i d like to { pay } your parents a visit sometime next week if they re going to be at home
i m leaving for tokyo today on important business and will be back in osaka { in } three days
all the trains were canceled yesterday due to deep snow that s { why } i was not able to attend the meeting
we keep many roses throughout the house so every room { smells sweet }
let s take a break now we { have } cakes and coffee ready on the table
my teacher always tries to create a learning environment { where } all students can express themselves freely
grandma said she was still waiting to hear from you did you forget { to call } again
even if immigrants work very hard in their new country they might { find } it difficult to adapt themselves to the new culture
takashi gently took his grandmother { by } the arm and led her to the sofa
my computer crashed last night so it needs { repairing }
sand is the material { from which } glass is made
i m sleepy so i m going to drink a { strong } cup of coffee
in my family i am the second tallest { after } my father
nothing { has been heard } from the explorer since last night
oh it has started to rain { hadn t } we better stay at home
